// Vitest Snapshot v1

exports[`Dashboard > render correctly 1`] = `
"<vuecomponent-stub loaderheight=\\"4\\" tag=\\"div\\" flat=\\"true\\">
  <vuecomponent-stub tag=\\"div\\" dense=\\"true\\">
    <vuecomponent-stub cols=\\"12\\" md=\\"6\\" tag=\\"div\\">
      <vuecomponent-stub> modals.settings.pageVueTorrent.pageDashboard.busyTorrentTip </vuecomponent-stub>
      <vuecomponent-stub tag=\\"div\\" dense=\\"true\\">
        <vuecomponent-stub tag=\\"div\\" flat=\\"true\\" class=\\"ma-2 pa-0\\">
          <draggable-stub list=\\"[object Object],[object Object],[object Object],[object Object],[object Object],[object Object],[object Object],[object Object],[object Object],[object Object],[object Object],[object Object],[object Object],[object Object],[object Object]\\" clone=\\"[Function]\\" element=\\"div\\" tag=\\"tbody\\">
            <vuecomponent-stub activeclass=\\"\\" tag=\\"div\\" class=\\"ma-2 elevation-2 rounded-lg pointer\\">
              <vuecomponent-stub errorcount=\\"1\\" errormessages=\\"\\" messages=\\"\\" rules=\\"\\" successmessages=\\"\\" backgroundcolor=\\"\\" dense=\\"true\\" hidedetails=\\"true\\" ripple=\\"true\\" valuecomparator=\\"[Function]\\" inputvalue=\\"true\\" indeterminateicon=\\"$checkboxIndeterminate\\" officon=\\"$checkboxOff\\" onicon=\\"$checkboxOn\\" class=\\"pa-0 ma-0\\"></vuecomponent-stub>
              <vuecomponent-stub tag=\\"div\\">
                <vuecomponent-stub tag=\\"div\\" class=\\"truncate\\">Size</vuecomponent-stub>
              </vuecomponent-stub>
              <vuecomponent-stub>
                <vuecomponent-stub> M3,6H21V8H3V6M3,11H21V13H3V11M3,16H21V18H3V16Z </vuecomponent-stub>
              </vuecomponent-stub>
            </vuecomponent-stub>
            <vuecomponent-stub activeclass=\\"\\" tag=\\"div\\" class=\\"ma-2 elevation-2 rounded-lg pointer\\">
              <vuecomponent-stub errorcount=\\"1\\" errormessages=\\"\\" messages=\\"\\" rules=\\"\\" successmessages=\\"\\" backgroundcolor=\\"\\" dense=\\"true\\" hidedetails=\\"true\\" ripple=\\"true\\" valuecomparator=\\"[Function]\\" inputvalue=\\"true\\" indeterminateicon=\\"$checkboxIndeterminate\\" officon=\\"$checkboxOff\\" onicon=\\"$checkboxOn\\" class=\\"pa-0 ma-0\\"></vuecomponent-stub>
              <vuecomponent-stub tag=\\"div\\">
                <vuecomponent-stub tag=\\"div\\" class=\\"truncate\\">Progress</vuecomponent-stub>
              </vuecomponent-stub>
              <vuecomponent-stub>
                <vuecomponent-stub> M3,6H21V8H3V6M3,11H21V13H3V11M3,16H21V18H3V16Z </vuecomponent-stub>
              </vuecomponent-stub>
            </vuecomponent-stub>
            <vuecomponent-stub activeclass=\\"\\" tag=\\"div\\" class=\\"ma-2 elevation-2 rounded-lg pointer\\">
              <vuecomponent-stub errorcount=\\"1\\" errormessages=\\"\\" messages=\\"\\" rules=\\"\\" successmessages=\\"\\" backgroundcolor=\\"\\" dense=\\"true\\" hidedetails=\\"true\\" ripple=\\"true\\" valuecomparator=\\"[Function]\\" inputvalue=\\"true\\" indeterminateicon=\\"$checkboxIndeterminate\\" officon=\\"$checkboxOff\\" onicon=\\"$checkboxOn\\" class=\\"pa-0 ma-0\\"></vuecomponent-stub>
              <vuecomponent-stub tag=\\"div\\">
                <vuecomponent-stub tag=\\"div\\" class=\\"truncate\\">Download</vuecomponent-stub>
              </vuecomponent-stub>
              <vuecomponent-stub>
                <vuecomponent-stub> M3,6H21V8H3V6M3,11H21V13H3V11M3,16H21V18H3V16Z </vuecomponent-stub>
              </vuecomponent-stub>
            </vuecomponent-stub>
            <vuecomponent-stub activeclass=\\"\\" tag=\\"div\\" class=\\"ma-2 elevation-2 rounded-lg pointer\\">
              <vuecomponent-stub errorcount=\\"1\\" errormessages=\\"\\" messages=\\"\\" rules=\\"\\" successmessages=\\"\\" backgroundcolor=\\"\\" dense=\\"true\\" hidedetails=\\"true\\" ripple=\\"true\\" valuecomparator=\\"[Function]\\" inputvalue=\\"true\\" indeterminateicon=\\"$checkboxIndeterminate\\" officon=\\"$checkboxOff\\" onicon=\\"$checkboxOn\\" class=\\"pa-0 ma-0\\"></vuecomponent-stub>
              <vuecomponent-stub tag=\\"div\\">
                <vuecomponent-stub tag=\\"div\\" class=\\"truncate\\">Upload</vuecomponent-stub>
              </vuecomponent-stub>
              <vuecomponent-stub>
                <vuecomponent-stub> M3,6H21V8H3V6M3,11H21V13H3V11M3,16H21V18H3V16Z </vuecomponent-stub>
              </vuecomponent-stub>
            </vuecomponent-stub>
            <vuecomponent-stub activeclass=\\"\\" tag=\\"div\\" class=\\"ma-2 elevation-2 rounded-lg pointer\\">
              <vuecomponent-stub errorcount=\\"1\\" errormessages=\\"\\" messages=\\"\\" rules=\\"\\" successmessages=\\"\\" backgroundcolor=\\"\\" dense=\\"true\\" hidedetails=\\"true\\" ripple=\\"true\\" valuecomparator=\\"[Function]\\" inputvalue=\\"true\\" indeterminateicon=\\"$checkboxIndeterminate\\" officon=\\"$checkboxOff\\" onicon=\\"$checkboxOn\\" class=\\"pa-0 ma-0\\"></vuecomponent-stub>
              <vuecomponent-stub tag=\\"div\\">
                <vuecomponent-stub tag=\\"div\\" class=\\"truncate\\">Downloaded</vuecomponent-stub>
              </vuecomponent-stub>
              <vuecomponent-stub>
                <vuecomponent-stub> M3,6H21V8H3V6M3,11H21V13H3V11M3,16H21V18H3V16Z </vuecomponent-stub>
              </vuecomponent-stub>
            </vuecomponent-stub>
            <vuecomponent-stub activeclass=\\"\\" tag=\\"div\\" class=\\"ma-2 elevation-2 rounded-lg pointer\\">
              <vuecomponent-stub errorcount=\\"1\\" errormessages=\\"\\" messages=\\"\\" rules=\\"\\" successmessages=\\"\\" backgroundcolor=\\"\\" dense=\\"true\\" hidedetails=\\"true\\" ripple=\\"true\\" valuecomparator=\\"[Function]\\" inputvalue=\\"true\\" indeterminateicon=\\"$checkboxIndeterminate\\" officon=\\"$checkboxOff\\" onicon=\\"$checkboxOn\\" class=\\"pa-0 ma-0\\"></vuecomponent-stub>
              <vuecomponent-stub tag=\\"div\\">
                <vuecomponent-stub tag=\\"div\\" class=\\"truncate\\">Uploaded</vuecomponent-stub>
              </vuecomponent-stub>
              <vuecomponent-stub>
                <vuecomponent-stub> M3,6H21V8H3V6M3,11H21V13H3V11M3,16H21V18H3V16Z </vuecomponent-stub>
              </vuecomponent-stub>
            </vuecomponent-stub>
            <vuecomponent-stub activeclass=\\"\\" tag=\\"div\\" class=\\"ma-2 elevation-2 rounded-lg pointer\\">
              <vuecomponent-stub errorcount=\\"1\\" errormessages=\\"\\" messages=\\"\\" rules=\\"\\" successmessages=\\"\\" backgroundcolor=\\"\\" dense=\\"true\\" hidedetails=\\"true\\" ripple=\\"true\\" valuecomparator=\\"[Function]\\" inputvalue=\\"true\\" indeterminateicon=\\"$checkboxIndeterminate\\" officon=\\"$checkboxOff\\" onicon=\\"$checkboxOn\\" class=\\"pa-0 ma-0\\"></vuecomponent-stub>
              <vuecomponent-stub tag=\\"div\\">
                <vuecomponent-stub tag=\\"div\\" class=\\"truncate\\">ETA</vuecomponent-stub>
              </vuecomponent-stub>
              <vuecomponent-stub>
                <vuecomponent-stub> M3,6H21V8H3V6M3,11H21V13H3V11M3,16H21V18H3V16Z </vuecomponent-stub>
              </vuecomponent-stub>
            </vuecomponent-stub>
            <vuecomponent-stub activeclass=\\"\\" tag=\\"div\\" class=\\"ma-2 elevation-2 rounded-lg pointer\\">
              <vuecomponent-stub errorcount=\\"1\\" errormessages=\\"\\" messages=\\"\\" rules=\\"\\" successmessages=\\"\\" backgroundcolor=\\"\\" dense=\\"true\\" hidedetails=\\"true\\" ripple=\\"true\\" valuecomparator=\\"[Function]\\" inputvalue=\\"true\\" indeterminateicon=\\"$checkboxIndeterminate\\" officon=\\"$checkboxOff\\" onicon=\\"$checkboxOn\\" class=\\"pa-0 ma-0\\"></vuecomponent-stub>
              <vuecomponent-stub tag=\\"div\\">
                <vuecomponent-stub tag=\\"div\\" class=\\"truncate\\">Peers</vuecomponent-stub>
              </vuecomponent-stub>
              <vuecomponent-stub>
                <vuecomponent-stub> M3,6H21V8H3V6M3,11H21V13H3V11M3,16H21V18H3V16Z </vuecomponent-stub>
              </vuecomponent-stub>
            </vuecomponent-stub>
            <vuecomponent-stub activeclass=\\"\\" tag=\\"div\\" class=\\"ma-2 elevation-2 rounded-lg pointer\\">
              <vuecomponent-stub errorcount=\\"1\\" errormessages=\\"\\" messages=\\"\\" rules=\\"\\" successmessages=\\"\\" backgroundcolor=\\"\\" dense=\\"true\\" hidedetails=\\"true\\" ripple=\\"true\\" valuecomparator=\\"[Function]\\" inputvalue=\\"true\\" indeterminateicon=\\"$checkboxIndeterminate\\" officon=\\"$checkboxOff\\" onicon=\\"$checkboxOn\\" class=\\"pa-0 ma-0\\"></vuecomponent-stub>
              <vuecomponent-stub tag=\\"div\\">
                <vuecomponent-stub tag=\\"div\\" class=\\"truncate\\">Seeds</vuecomponent-stub>
              </vuecomponent-stub>
              <vuecomponent-stub>
                <vuecomponent-stub> M3,6H21V8H3V6M3,11H21V13H3V11M3,16H21V18H3V16Z </vuecomponent-stub>
              </vuecomponent-stub>
            </vuecomponent-stub>
            <vuecomponent-stub activeclass=\\"\\" tag=\\"div\\" class=\\"ma-2 elevation-2 rounded-lg pointer\\">
              <vuecomponent-stub errorcount=\\"1\\" errormessages=\\"\\" messages=\\"\\" rules=\\"\\" successmessages=\\"\\" backgroundcolor=\\"\\" dense=\\"true\\" hidedetails=\\"true\\" ripple=\\"true\\" valuecomparator=\\"[Function]\\" inputvalue=\\"true\\" indeterminateicon=\\"$checkboxIndeterminate\\" officon=\\"$checkboxOff\\" onicon=\\"$checkboxOn\\" class=\\"pa-0 ma-0\\"></vuecomponent-stub>
              <vuecomponent-stub tag=\\"div\\">
                <vuecomponent-stub tag=\\"div\\" class=\\"truncate\\">Status</vuecomponent-stub>
              </vuecomponent-stub>
              <vuecomponent-stub>
                <vuecomponent-stub> M3,6H21V8H3V6M3,11H21V13H3V11M3,16H21V18H3V16Z </vuecomponent-stub>
              </vuecomponent-stub>
            </vuecomponent-stub>
            <vuecomponent-stub activeclass=\\"\\" tag=\\"div\\" class=\\"ma-2 elevation-2 rounded-lg pointer\\">
              <vuecomponent-stub errorcount=\\"1\\" errormessages=\\"\\" messages=\\"\\" rules=\\"\\" successmessages=\\"\\" backgroundcolor=\\"\\" dense=\\"true\\" hidedetails=\\"true\\" ripple=\\"true\\" valuecomparator=\\"[Function]\\" inputvalue=\\"true\\" indeterminateicon=\\"$checkboxIndeterminate\\" officon=\\"$checkboxOff\\" onicon=\\"$checkboxOn\\" class=\\"pa-0 ma-0\\"></vuecomponent-stub>
              <vuecomponent-stub tag=\\"div\\">
                <vuecomponent-stub tag=\\"div\\" class=\\"truncate\\">Ratio</vuecomponent-stub>
              </vuecomponent-stub>
              <vuecomponent-stub>
                <vuecomponent-stub> M3,6H21V8H3V6M3,11H21V13H3V11M3,16H21V18H3V16Z </vuecomponent-stub>
              </vuecomponent-stub>
            </vuecomponent-stub>
            <vuecomponent-stub activeclass=\\"\\" tag=\\"div\\" class=\\"ma-2 elevation-2 rounded-lg pointer\\">
              <vuecomponent-stub errorcount=\\"1\\" errormessages=\\"\\" messages=\\"\\" rules=\\"\\" successmessages=\\"\\" backgroundcolor=\\"\\" dense=\\"true\\" hidedetails=\\"true\\" ripple=\\"true\\" valuecomparator=\\"[Function]\\" inputvalue=\\"true\\" indeterminateicon=\\"$checkboxIndeterminate\\" officon=\\"$checkboxOff\\" onicon=\\"$checkboxOn\\" class=\\"pa-0 ma-0\\"></vuecomponent-stub>
              <vuecomponent-stub tag=\\"div\\">
                <vuecomponent-stub tag=\\"div\\" class=\\"truncate\\">Category</vuecomponent-stub>
              </vuecomponent-stub>
              <vuecomponent-stub>
                <vuecomponent-stub> M3,6H21V8H3V6M3,11H21V13H3V11M3,16H21V18H3V16Z </vuecomponent-stub>
              </vuecomponent-stub>
            </vuecomponent-stub>
            <vuecomponent-stub activeclass=\\"\\" tag=\\"div\\" class=\\"ma-2 elevation-2 rounded-lg pointer\\">
              <vuecomponent-stub errorcount=\\"1\\" errormessages=\\"\\" messages=\\"\\" rules=\\"\\" successmessages=\\"\\" backgroundcolor=\\"\\" dense=\\"true\\" hidedetails=\\"true\\" ripple=\\"true\\" valuecomparator=\\"[Function]\\" inputvalue=\\"true\\" indeterminateicon=\\"$checkboxIndeterminate\\" officon=\\"$checkboxOff\\" onicon=\\"$checkboxOn\\" class=\\"pa-0 ma-0\\"></vuecomponent-stub>
              <vuecomponent-stub tag=\\"div\\">
                <vuecomponent-stub tag=\\"div\\" class=\\"truncate\\">Tags</vuecomponent-stub>
              </vuecomponent-stub>
              <vuecomponent-stub>
                <vuecomponent-stub> M3,6H21V8H3V6M3,11H21V13H3V11M3,16H21V18H3V16Z </vuecomponent-stub>
              </vuecomponent-stub>
            </vuecomponent-stub>
            <vuecomponent-stub activeclass=\\"\\" tag=\\"div\\" class=\\"ma-2 elevation-2 rounded-lg pointer\\">
              <vuecomponent-stub errorcount=\\"1\\" errormessages=\\"\\" messages=\\"\\" rules=\\"\\" successmessages=\\"\\" backgroundcolor=\\"\\" dense=\\"true\\" hidedetails=\\"true\\" ripple=\\"true\\" valuecomparator=\\"[Function]\\" inputvalue=\\"true\\" indeterminateicon=\\"$checkboxIndeterminate\\" officon=\\"$checkboxOff\\" onicon=\\"$checkboxOn\\" class=\\"pa-0 ma-0\\"></vuecomponent-stub>
              <vuecomponent-stub tag=\\"div\\">
                <vuecomponent-stub tag=\\"div\\" class=\\"truncate\\">AddedOn</vuecomponent-stub>
              </vuecomponent-stub>
              <vuecomponent-stub>
                <vuecomponent-stub> M3,6H21V8H3V6M3,11H21V13H3V11M3,16H21V18H3V16Z </vuecomponent-stub>
              </vuecomponent-stub>
            </vuecomponent-stub>
            <vuecomponent-stub activeclass=\\"\\" tag=\\"div\\" class=\\"ma-2 elevation-2 rounded-lg pointer\\">
              <vuecomponent-stub errorcount=\\"1\\" errormessages=\\"\\" messages=\\"\\" rules=\\"\\" successmessages=\\"\\" backgroundcolor=\\"\\" dense=\\"true\\" hidedetails=\\"true\\" ripple=\\"true\\" valuecomparator=\\"[Function]\\" inputvalue=\\"true\\" indeterminateicon=\\"$checkboxIndeterminate\\" officon=\\"$checkboxOff\\" onicon=\\"$checkboxOn\\" class=\\"pa-0 ma-0\\"></vuecomponent-stub>
              <vuecomponent-stub tag=\\"div\\">
                <vuecomponent-stub tag=\\"div\\" class=\\"truncate\\">Availability</vuecomponent-stub>
              </vuecomponent-stub>
              <vuecomponent-stub>
                <vuecomponent-stub> M3,6H21V8H3V6M3,11H21V13H3V11M3,16H21V18H3V16Z </vuecomponent-stub>
              </vuecomponent-stub>
            </vuecomponent-stub>
          </draggable-stub>
        </vuecomponent-stub>
      </vuecomponent-stub>
    </vuecomponent-stub>
    <vuecomponent-stub cols=\\"12\\" md=\\"6\\" tag=\\"div\\">
      <vuecomponent-stub> modals.settings.pageVueTorrent.pageDashboard.completedTorrentTip </vuecomponent-stub>
      <vuecomponent-stub tag=\\"div\\" dense=\\"true\\">
        <vuecomponent-stub tag=\\"div\\" flat=\\"true\\" class=\\"ma-2 pa-0\\">
          <draggable-stub list=\\"[object Object],[object Object],[object Object],[object Object],[object Object],[object Object],[object Object],[object Object],[object Object],[object Object],[object Object],[object Object],[object Object],[object Object],[object Object]\\" clone=\\"[Function]\\" element=\\"div\\" tag=\\"tbody\\">
            <vuecomponent-stub activeclass=\\"\\" tag=\\"div\\" class=\\"ma-2 elevation-2 rounded-lg pointer\\">
              <vuecomponent-stub errorcount=\\"1\\" errormessages=\\"\\" messages=\\"\\" rules=\\"\\" successmessages=\\"\\" backgroundcolor=\\"\\" dense=\\"true\\" hidedetails=\\"true\\" ripple=\\"true\\" valuecomparator=\\"[Function]\\" inputvalue=\\"true\\" indeterminateicon=\\"$checkboxIndeterminate\\" officon=\\"$checkboxOff\\" onicon=\\"$checkboxOn\\" class=\\"pa-0 ma-0\\"></vuecomponent-stub>
              <vuecomponent-stub tag=\\"div\\">
                <vuecomponent-stub tag=\\"div\\" class=\\"truncate\\">Size</vuecomponent-stub>
              </vuecomponent-stub>
              <vuecomponent-stub>
                <vuecomponent-stub> M3,6H21V8H3V6M3,11H21V13H3V11M3,16H21V18H3V16Z </vuecomponent-stub>
              </vuecomponent-stub>
            </vuecomponent-stub>
            <vuecomponent-stub activeclass=\\"\\" tag=\\"div\\" class=\\"ma-2 elevation-2 rounded-lg pointer\\">
              <vuecomponent-stub errorcount=\\"1\\" errormessages=\\"\\" messages=\\"\\" rules=\\"\\" successmessages=\\"\\" backgroundcolor=\\"\\" dense=\\"true\\" hidedetails=\\"true\\" ripple=\\"true\\" valuecomparator=\\"[Function]\\" inputvalue=\\"true\\" indeterminateicon=\\"$checkboxIndeterminate\\" officon=\\"$checkboxOff\\" onicon=\\"$checkboxOn\\" class=\\"pa-0 ma-0\\"></vuecomponent-stub>
              <vuecomponent-stub tag=\\"div\\">
                <vuecomponent-stub tag=\\"div\\" class=\\"truncate\\">Progress</vuecomponent-stub>
              </vuecomponent-stub>
              <vuecomponent-stub>
                <vuecomponent-stub> M3,6H21V8H3V6M3,11H21V13H3V11M3,16H21V18H3V16Z </vuecomponent-stub>
              </vuecomponent-stub>
            </vuecomponent-stub>
            <vuecomponent-stub activeclass=\\"\\" tag=\\"div\\" class=\\"ma-2 elevation-2 rounded-lg pointer\\">
              <vuecomponent-stub errorcount=\\"1\\" errormessages=\\"\\" messages=\\"\\" rules=\\"\\" successmessages=\\"\\" backgroundcolor=\\"\\" dense=\\"true\\" hidedetails=\\"true\\" ripple=\\"true\\" valuecomparator=\\"[Function]\\" inputvalue=\\"true\\" indeterminateicon=\\"$checkboxIndeterminate\\" officon=\\"$checkboxOff\\" onicon=\\"$checkboxOn\\" class=\\"pa-0 ma-0\\"></vuecomponent-stub>
              <vuecomponent-stub tag=\\"div\\">
                <vuecomponent-stub tag=\\"div\\" class=\\"truncate\\">Download</vuecomponent-stub>
              </vuecomponent-stub>
              <vuecomponent-stub>
                <vuecomponent-stub> M3,6H21V8H3V6M3,11H21V13H3V11M3,16H21V18H3V16Z </vuecomponent-stub>
              </vuecomponent-stub>
            </vuecomponent-stub>
            <vuecomponent-stub activeclass=\\"\\" tag=\\"div\\" class=\\"ma-2 elevation-2 rounded-lg pointer\\">
              <vuecomponent-stub errorcount=\\"1\\" errormessages=\\"\\" messages=\\"\\" rules=\\"\\" successmessages=\\"\\" backgroundcolor=\\"\\" dense=\\"true\\" hidedetails=\\"true\\" ripple=\\"true\\" valuecomparator=\\"[Function]\\" inputvalue=\\"true\\" indeterminateicon=\\"$checkboxIndeterminate\\" officon=\\"$checkboxOff\\" onicon=\\"$checkboxOn\\" class=\\"pa-0 ma-0\\"></vuecomponent-stub>
              <vuecomponent-stub tag=\\"div\\">
                <vuecomponent-stub tag=\\"div\\" class=\\"truncate\\">Upload</vuecomponent-stub>
              </vuecomponent-stub>
              <vuecomponent-stub>
                <vuecomponent-stub> M3,6H21V8H3V6M3,11H21V13H3V11M3,16H21V18H3V16Z </vuecomponent-stub>
              </vuecomponent-stub>
            </vuecomponent-stub>
            <vuecomponent-stub activeclass=\\"\\" tag=\\"div\\" class=\\"ma-2 elevation-2 rounded-lg pointer\\">
              <vuecomponent-stub errorcount=\\"1\\" errormessages=\\"\\" messages=\\"\\" rules=\\"\\" successmessages=\\"\\" backgroundcolor=\\"\\" dense=\\"true\\" hidedetails=\\"true\\" ripple=\\"true\\" valuecomparator=\\"[Function]\\" inputvalue=\\"true\\" indeterminateicon=\\"$checkboxIndeterminate\\" officon=\\"$checkboxOff\\" onicon=\\"$checkboxOn\\" class=\\"pa-0 ma-0\\"></vuecomponent-stub>
              <vuecomponent-stub tag=\\"div\\">
                <vuecomponent-stub tag=\\"div\\" class=\\"truncate\\">Downloaded</vuecomponent-stub>
              </vuecomponent-stub>
              <vuecomponent-stub>
                <vuecomponent-stub> M3,6H21V8H3V6M3,11H21V13H3V11M3,16H21V18H3V16Z </vuecomponent-stub>
              </vuecomponent-stub>
            </vuecomponent-stub>
            <vuecomponent-stub activeclass=\\"\\" tag=\\"div\\" class=\\"ma-2 elevation-2 rounded-lg pointer\\">
              <vuecomponent-stub errorcount=\\"1\\" errormessages=\\"\\" messages=\\"\\" rules=\\"\\" successmessages=\\"\\" backgroundcolor=\\"\\" dense=\\"true\\" hidedetails=\\"true\\" ripple=\\"true\\" valuecomparator=\\"[Function]\\" inputvalue=\\"true\\" indeterminateicon=\\"$checkboxIndeterminate\\" officon=\\"$checkboxOff\\" onicon=\\"$checkboxOn\\" class=\\"pa-0 ma-0\\"></vuecomponent-stub>
              <vuecomponent-stub tag=\\"div\\">
                <vuecomponent-stub tag=\\"div\\" class=\\"truncate\\">Uploaded</vuecomponent-stub>
              </vuecomponent-stub>
              <vuecomponent-stub>
                <vuecomponent-stub> M3,6H21V8H3V6M3,11H21V13H3V11M3,16H21V18H3V16Z </vuecomponent-stub>
              </vuecomponent-stub>
            </vuecomponent-stub>
            <vuecomponent-stub activeclass=\\"\\" tag=\\"div\\" class=\\"ma-2 elevation-2 rounded-lg pointer\\">
              <vuecomponent-stub errorcount=\\"1\\" errormessages=\\"\\" messages=\\"\\" rules=\\"\\" successmessages=\\"\\" backgroundcolor=\\"\\" dense=\\"true\\" hidedetails=\\"true\\" ripple=\\"true\\" valuecomparator=\\"[Function]\\" inputvalue=\\"true\\" indeterminateicon=\\"$checkboxIndeterminate\\" officon=\\"$checkboxOff\\" onicon=\\"$checkboxOn\\" class=\\"pa-0 ma-0\\"></vuecomponent-stub>
              <vuecomponent-stub tag=\\"div\\">
                <vuecomponent-stub tag=\\"div\\" class=\\"truncate\\">ETA</vuecomponent-stub>
              </vuecomponent-stub>
              <vuecomponent-stub>
                <vuecomponent-stub> M3,6H21V8H3V6M3,11H21V13H3V11M3,16H21V18H3V16Z </vuecomponent-stub>
              </vuecomponent-stub>
            </vuecomponent-stub>
            <vuecomponent-stub activeclass=\\"\\" tag=\\"div\\" class=\\"ma-2 elevation-2 rounded-lg pointer\\">
              <vuecomponent-stub errorcount=\\"1\\" errormessages=\\"\\" messages=\\"\\" rules=\\"\\" successmessages=\\"\\" backgroundcolor=\\"\\" dense=\\"true\\" hidedetails=\\"true\\" ripple=\\"true\\" valuecomparator=\\"[Function]\\" inputvalue=\\"true\\" indeterminateicon=\\"$checkboxIndeterminate\\" officon=\\"$checkboxOff\\" onicon=\\"$checkboxOn\\" class=\\"pa-0 ma-0\\"></vuecomponent-stub>
              <vuecomponent-stub tag=\\"div\\">
                <vuecomponent-stub tag=\\"div\\" class=\\"truncate\\">Peers</vuecomponent-stub>
              </vuecomponent-stub>
              <vuecomponent-stub>
                <vuecomponent-stub> M3,6H21V8H3V6M3,11H21V13H3V11M3,16H21V18H3V16Z </vuecomponent-stub>
              </vuecomponent-stub>
            </vuecomponent-stub>
            <vuecomponent-stub activeclass=\\"\\" tag=\\"div\\" class=\\"ma-2 elevation-2 rounded-lg pointer\\">
              <vuecomponent-stub errorcount=\\"1\\" errormessages=\\"\\" messages=\\"\\" rules=\\"\\" successmessages=\\"\\" backgroundcolor=\\"\\" dense=\\"true\\" hidedetails=\\"true\\" ripple=\\"true\\" valuecomparator=\\"[Function]\\" inputvalue=\\"true\\" indeterminateicon=\\"$checkboxIndeterminate\\" officon=\\"$checkboxOff\\" onicon=\\"$checkboxOn\\" class=\\"pa-0 ma-0\\"></vuecomponent-stub>
              <vuecomponent-stub tag=\\"div\\">
                <vuecomponent-stub tag=\\"div\\" class=\\"truncate\\">Seeds</vuecomponent-stub>
              </vuecomponent-stub>
              <vuecomponent-stub>
                <vuecomponent-stub> M3,6H21V8H3V6M3,11H21V13H3V11M3,16H21V18H3V16Z </vuecomponent-stub>
              </vuecomponent-stub>
            </vuecomponent-stub>
            <vuecomponent-stub activeclass=\\"\\" tag=\\"div\\" class=\\"ma-2 elevation-2 rounded-lg pointer\\">
              <vuecomponent-stub errorcount=\\"1\\" errormessages=\\"\\" messages=\\"\\" rules=\\"\\" successmessages=\\"\\" backgroundcolor=\\"\\" dense=\\"true\\" hidedetails=\\"true\\" ripple=\\"true\\" valuecomparator=\\"[Function]\\" inputvalue=\\"true\\" indeterminateicon=\\"$checkboxIndeterminate\\" officon=\\"$checkboxOff\\" onicon=\\"$checkboxOn\\" class=\\"pa-0 ma-0\\"></vuecomponent-stub>
              <vuecomponent-stub tag=\\"div\\">
                <vuecomponent-stub tag=\\"div\\" class=\\"truncate\\">Status</vuecomponent-stub>
              </vuecomponent-stub>
              <vuecomponent-stub>
                <vuecomponent-stub> M3,6H21V8H3V6M3,11H21V13H3V11M3,16H21V18H3V16Z </vuecomponent-stub>
              </vuecomponent-stub>
            </vuecomponent-stub>
            <vuecomponent-stub activeclass=\\"\\" tag=\\"div\\" class=\\"ma-2 elevation-2 rounded-lg pointer\\">
              <vuecomponent-stub errorcount=\\"1\\" errormessages=\\"\\" messages=\\"\\" rules=\\"\\" successmessages=\\"\\" backgroundcolor=\\"\\" dense=\\"true\\" hidedetails=\\"true\\" ripple=\\"true\\" valuecomparator=\\"[Function]\\" inputvalue=\\"true\\" indeterminateicon=\\"$checkboxIndeterminate\\" officon=\\"$checkboxOff\\" onicon=\\"$checkboxOn\\" class=\\"pa-0 ma-0\\"></vuecomponent-stub>
              <vuecomponent-stub tag=\\"div\\">
                <vuecomponent-stub tag=\\"div\\" class=\\"truncate\\">Ratio</vuecomponent-stub>
              </vuecomponent-stub>
              <vuecomponent-stub>
                <vuecomponent-stub> M3,6H21V8H3V6M3,11H21V13H3V11M3,16H21V18H3V16Z </vuecomponent-stub>
              </vuecomponent-stub>
            </vuecomponent-stub>
            <vuecomponent-stub activeclass=\\"\\" tag=\\"div\\" class=\\"ma-2 elevation-2 rounded-lg pointer\\">
              <vuecomponent-stub errorcount=\\"1\\" errormessages=\\"\\" messages=\\"\\" rules=\\"\\" successmessages=\\"\\" backgroundcolor=\\"\\" dense=\\"true\\" hidedetails=\\"true\\" ripple=\\"true\\" valuecomparator=\\"[Function]\\" inputvalue=\\"true\\" indeterminateicon=\\"$checkboxIndeterminate\\" officon=\\"$checkboxOff\\" onicon=\\"$checkboxOn\\" class=\\"pa-0 ma-0\\"></vuecomponent-stub>
              <vuecomponent-stub tag=\\"div\\">
                <vuecomponent-stub tag=\\"div\\" class=\\"truncate\\">Category</vuecomponent-stub>
              </vuecomponent-stub>
              <vuecomponent-stub>
                <vuecomponent-stub> M3,6H21V8H3V6M3,11H21V13H3V11M3,16H21V18H3V16Z </vuecomponent-stub>
              </vuecomponent-stub>
            </vuecomponent-stub>
            <vuecomponent-stub activeclass=\\"\\" tag=\\"div\\" class=\\"ma-2 elevation-2 rounded-lg pointer\\">
              <vuecomponent-stub errorcount=\\"1\\" errormessages=\\"\\" messages=\\"\\" rules=\\"\\" successmessages=\\"\\" backgroundcolor=\\"\\" dense=\\"true\\" hidedetails=\\"true\\" ripple=\\"true\\" valuecomparator=\\"[Function]\\" inputvalue=\\"true\\" indeterminateicon=\\"$checkboxIndeterminate\\" officon=\\"$checkboxOff\\" onicon=\\"$checkboxOn\\" class=\\"pa-0 ma-0\\"></vuecomponent-stub>
              <vuecomponent-stub tag=\\"div\\">
                <vuecomponent-stub tag=\\"div\\" class=\\"truncate\\">Tags</vuecomponent-stub>
              </vuecomponent-stub>
              <vuecomponent-stub>
                <vuecomponent-stub> M3,6H21V8H3V6M3,11H21V13H3V11M3,16H21V18H3V16Z </vuecomponent-stub>
              </vuecomponent-stub>
            </vuecomponent-stub>
            <vuecomponent-stub activeclass=\\"\\" tag=\\"div\\" class=\\"ma-2 elevation-2 rounded-lg pointer\\">
              <vuecomponent-stub errorcount=\\"1\\" errormessages=\\"\\" messages=\\"\\" rules=\\"\\" successmessages=\\"\\" backgroundcolor=\\"\\" dense=\\"true\\" hidedetails=\\"true\\" ripple=\\"true\\" valuecomparator=\\"[Function]\\" inputvalue=\\"true\\" indeterminateicon=\\"$checkboxIndeterminate\\" officon=\\"$checkboxOff\\" onicon=\\"$checkboxOn\\" class=\\"pa-0 ma-0\\"></vuecomponent-stub>
              <vuecomponent-stub tag=\\"div\\">
                <vuecomponent-stub tag=\\"div\\" class=\\"truncate\\">AddedOn</vuecomponent-stub>
              </vuecomponent-stub>
              <vuecomponent-stub>
                <vuecomponent-stub> M3,6H21V8H3V6M3,11H21V13H3V11M3,16H21V18H3V16Z </vuecomponent-stub>
              </vuecomponent-stub>
            </vuecomponent-stub>
            <vuecomponent-stub activeclass=\\"\\" tag=\\"div\\" class=\\"ma-2 elevation-2 rounded-lg pointer\\">
              <vuecomponent-stub errorcount=\\"1\\" errormessages=\\"\\" messages=\\"\\" rules=\\"\\" successmessages=\\"\\" backgroundcolor=\\"\\" dense=\\"true\\" hidedetails=\\"true\\" ripple=\\"true\\" valuecomparator=\\"[Function]\\" inputvalue=\\"true\\" indeterminateicon=\\"$checkboxIndeterminate\\" officon=\\"$checkboxOff\\" onicon=\\"$checkboxOn\\" class=\\"pa-0 ma-0\\"></vuecomponent-stub>
              <vuecomponent-stub tag=\\"div\\">
                <vuecomponent-stub tag=\\"div\\" class=\\"truncate\\">Availability</vuecomponent-stub>
              </vuecomponent-stub>
              <vuecomponent-stub>
                <vuecomponent-stub> M3,6H21V8H3V6M3,11H21V13H3V11M3,16H21V18H3V16Z </vuecomponent-stub>
              </vuecomponent-stub>
            </vuecomponent-stub>
          </draggable-stub>
        </vuecomponent-stub>
      </vuecomponent-stub>
    </vuecomponent-stub>
  </vuecomponent-stub>
</vuecomponent-stub>"
`;
