// Jest Snapshot v1, https://goo.gl/fbAQLP

exports[`General render correctly 1`] = `
<v-card-stub loaderheight="4" tag="div" flat="true">
  <v-subheader-stub>

  </v-subheader-stub>
  <v-list-item-stub activeclass="" tag="div">
    <v-row-stub tag="div" dense="true">
      <v-col-stub tag="div">
        <v-switch-stub errorcount="1" errormessages="" messages="" rules="" successmessages="" backgroundcolor="" hidedetails="true" ripple="true" valuecomparator="[Function]" inputvalue="100" inset="true" class="v-input--reverse pa-0 ma-0"></v-switch-stub>
      </v-col-stub>
    </v-row-stub>
  </v-list-item-stub>
  <v-list-item-stub activeclass="" tag="div">
    <v-row-stub tag="div" dense="true">
      <v-col-stub tag="div">
        <v-switch-stub errorcount="1" errormessages="" messages="" rules="" successmessages="" backgroundcolor="" hidedetails="true" ripple="true" valuecomparator="[Function]" inputvalue="true" inset="true" class="v-input--reverse pa-0 ma-0"></v-switch-stub>
      </v-col-stub>
    </v-row-stub>
  </v-list-item-stub>
  <v-list-item-stub activeclass="" tag="div">
    <v-row-stub tag="div" dense="true">
      <v-col-stub tag="div">
        <v-switch-stub errorcount="1" errormessages="" messages="" rules="" successmessages="" backgroundcolor="" hidedetails="true" ripple="true" valuecomparator="[Function]" inputvalue="true" inset="true" class="v-input--reverse pa-0 ma-0"></v-switch-stub>
      </v-col-stub>
    </v-row-stub>
  </v-list-item-stub>
  <v-list-item-stub activeclass="" tag="div">
    <v-row-stub tag="div" dense="true">
      <v-col-stub tag="div">
        <v-switch-stub errorcount="1" errormessages="" messages="" rules="" successmessages="" backgroundcolor="" hidedetails="true" ripple="true" valuecomparator="[Function]" inputvalue="true" inset="true" class="v-input--reverse pa-0 ma-0"></v-switch-stub>
      </v-col-stub>
    </v-row-stub>
  </v-list-item-stub>
  <v-list-item-stub activeclass="" tag="div">
    <v-row-stub tag="div" dense="true">
      <v-col-stub tag="div">
        <v-switch-stub errorcount="1" errormessages="" messages="" rules="" successmessages="" backgroundcolor="" hidedetails="true" ripple="true" valuecomparator="[Function]" inset="true" class="v-input--reverse pa-0 ma-0"></v-switch-stub>
      </v-col-stub>
    </v-row-stub>
  </v-list-item-stub>
  <v-list-item-stub activeclass="" tag="div">
    <v-row-stub tag="div" dense="true">
      <v-col-stub tag="div">
        <v-switch-stub errorcount="1" errormessages="" messages="" rules="" successmessages="" backgroundcolor="" hidedetails="true" ripple="true" valuecomparator="[Function]" inputvalue="true" inset="true" class="v-input--reverse pa-0 ma-0"></v-switch-stub>
      </v-col-stub>
    </v-row-stub>
  </v-list-item-stub>
  <v-list-item-stub activeclass="" tag="div">
    <v-row-stub tag="div" dense="true">
      <v-col-stub tag="div">
        <v-switch-stub errorcount="1" errormessages="" messages="" rules="" successmessages="" backgroundcolor="" hidedetails="true" ripple="true" valuecomparator="[Function]" inputvalue="10" inset="true" class="v-input--reverse pa-0 ma-0"></v-switch-stub>
      </v-col-stub>
    </v-row-stub>
  </v-list-item-stub>
  <v-list-item-stub activeclass="" tag="div">
    <v-row-stub tag="div" dense="true">
      <v-col-stub cols="8" sm="8" md="10" tag="div">
        <p class="subtitle-1 mt-2">

        </p>
      </v-col-stub>
      <v-col-stub cols="4" sm="4" md="2" tag="div">
        <v-select-stub errorcount="1" errormessages="" messages="" rules="" successmessages="" value="English" appendicon="$dropdown" backgroundcolor="background" dense="true" hidedetails="true" loaderheight="2" clearicon="$clear" flat="true" solo="true" type="text" valuecomparator="[Function]" nodatatext="$vuetify.noDataText" items="en,es,fr,id,it,ja,nl,pt-br,ru,ua,vi,zh-hans,zh-hant" itemcolor="primary" itemdisabled="disabled" itemtext="text" itemvalue="value" menuprops="[object Object]" class="rounded-xl"></v-select-stub>
      </v-col-stub>
    </v-row-stub>
  </v-list-item-stub>
  <v-list-item-stub activeclass="" tag="div">
    <v-row-stub tag="div" dense="true">
      <v-col-stub cols="8" sm="8" md="10" tag="div">
        <p class="subtitle-1 mt-2">

        </p>
      </v-col-stub>
      <v-col-stub cols="4" sm="4" md="2" tag="div">
        <v-select-stub errorcount="1" errormessages="" messages="" rules="" successmessages="" value="10" appendicon="$dropdown" backgroundcolor="background" dense="true" hidedetails="true" loaderheight="2" clearicon="$clear" flat="true" solo="true" type="text" valuecomparator="[Function]" nodatatext="$vuetify.noDataText" items="5,15,30,50" itemcolor="primary" itemdisabled="disabled" itemtext="text" itemvalue="value" menuprops="[object Object]" class="rounded-xl"></v-select-stub>
      </v-col-stub>
    </v-row-stub>
  </v-list-item-stub>
  <v-list-item-stub activeclass="" tag="div">
    <v-row-stub tag="div" dense="true">
      <v-col-stub cols="8" sm="8" md="10" tag="div">
        <p class="subtitle-1 mt-2">

        </p>
      </v-col-stub>
      <v-col-stub cols="4" sm="4" md="2" tag="div">
        <v-select-stub errorcount="1" errormessages="" messages="" rules="" successmessages="" value="test" appendicon="$dropdown" backgroundcolor="background" dense="true" hidedetails="true" loaderheight="2" clearicon="$clear" flat="true" solo="true" type="text" valuecomparator="[Function]" nodatatext="$vuetify.noDataText" items="Default,Global Speed,First Torrent Status" itemcolor="primary" itemdisabled="disabled" itemtext="text" itemvalue="value" menuprops="[object Object]" class="rounded-xl"></v-select-stub>
      </v-col-stub>
    </v-row-stub>
  </v-list-item-stub>
  <v-list-item-stub activeclass="" tag="div">
    <v-row-stub tag="div" dense="true">
      <v-col-stub cols="10" sm="10" md="11" tag="div">
        <p class="subtitle-1">

        </p>
      </v-col-stub>
      <v-col-stub cols="2" sm="2" md="1" tag="div"><a target="_blank" href="https://github.com/WDaan/VueTorrent/releases/tag/vundefined">
          <p class="mb-2"></p>
        </a></v-col-stub>
    </v-row-stub>
  </v-list-item-stub>
  <v-list-item-stub activeclass="" tag="div">
    <v-row-stub tag="div" dense="true">
      <v-col-stub cols="10" sm="10" md="11" tag="div">
        <p class="subtitle-1">

        </p>
      </v-col-stub>
      <v-col-stub cols="2" sm="2" md="1" tag="div"><a target="_blank" href="https://github.com/qbittorrent/qBittorrent/releases/tag/release-0">
          <p class="mb-2">
            0
          </p>
        </a></v-col-stub>
    </v-row-stub>
  </v-list-item-stub>
</v-card-stub>
`;
